[EXP_0001] DEVELOPMENT bars only: 304,590 (rows removed before research code: 0)
[EXP_0001] event causality pre-check passed at 8 cutoffs
[EXP_0001] base events: 5,728 (36.48/week); TARGET_TIMESTAMP_INELIGIBLE removed: 0
[EXP_0001] EXPERIMENT SELECTION TRIALS: 24 / 24 ; CAMPAIGN REVEALED SELECTION TRIALS: 24 / 480
[EXP_0001] STOP: status IS_PROVISIONAL_CANDIDATE - SELECTION HOLDOUT NOT ACCESSED; SELECTION HOLDOUT needs a manual human approval file (approvals/EXP_0001_SELECTION_HOLDOUT_APPROVAL.yaml)
    trial_id           target  model      state  selected_frequency  standardized_uplift  selected_effect    raw_p  experiment_bonferroni_p  campaign_bonferroni_p                 decision
EXP_0001_T01    DIR_RETURN_15  RIDGE UPPER_HALF           17.992366             0.211830         0.001429 0.000050                 0.001200               0.001200 IS_PROVISIONAL_CANDIDATE
EXP_0001_T02    DIR_RETURN_15  RIDGE LOWER_HALF           18.396947             0.207172         0.001337 0.000050                 0.001200               0.001200 IS_PROVISIONAL_CANDIDATE
EXP_0001_T03    DIR_RETURN_15 SPLINE UPPER_HALF           18.717557             0.211419         0.001427 0.000050                 0.001200               0.001200 IS_PROVISIONAL_CANDIDATE
EXP_0001_T04    DIR_RETURN_15 SPLINE LOWER_HALF           17.671756             0.223931         0.001447 0.000050                 0.001200               0.001200 IS_PROVISIONAL_CANDIDATE
EXP_0001_T05    DIR_RETURN_15    XGB UPPER_HALF           19.267176             0.212466         0.001434 0.000050                 0.001200               0.001200 IS_PROVISIONAL_CANDIDATE
EXP_0001_T06    DIR_RETURN_15    XGB LOWER_HALF           17.122137             0.239084         0.001547 0.000050                 0.001200               0.001200 IS_PROVISIONAL_CANDIDATE
EXP_0001_T07    DIR_RETURN_60  RIDGE UPPER_HALF           15.618321             0.095448         0.001611 0.000050                 0.001200               0.001200 REJECTED_MODEL_AGREEMENT
EXP_0001_T08    DIR_RETURN_60  RIDGE LOWER_HALF           20.770992             0.071770         0.000924 0.000050                 0.001200               0.001200     REJECTED_INSTABILITY
EXP_0001_T09    DIR_RETURN_60 SPLINE UPPER_HALF           17.198473             0.062843         0.001117 0.000050                 0.001200               0.001200     REJECTED_INSTABILITY
EXP_0001_T10    DIR_RETURN_60 SPLINE LOWER_HALF           19.190840             0.056319         0.000690 0.000050                 0.001200               0.001200     REJECTED_INSTABILITY
EXP_0001_T11    DIR_RETURN_60    XGB UPPER_HALF           18.236641             0.076184         0.001319 0.000050                 0.001200               0.001200     REJECTED_INSTABILITY
EXP_0001_T12    DIR_RETURN_60    XGB LOWER_HALF           18.152672             0.076536         0.000996 0.000050                 0.001200               0.001200     REJECTED_INSTABILITY
EXP_0001_T13   DIR_RETURN_180  RIDGE UPPER_HALF           14.923664             0.045315         0.001657 0.016899                 0.405580               0.405580     REJECTED_STATISTICAL
EXP_0001_T14   DIR_RETURN_180  RIDGE LOWER_HALF           21.465649             0.031505         0.000296 0.016899                 0.405580               0.405580     REJECTED_STATISTICAL
EXP_0001_T15   DIR_RETURN_180 SPLINE UPPER_HALF           16.778626             0.036487         0.001433 0.023499                 0.563972               0.563972     REJECTED_STATISTICAL
EXP_0001_T16   DIR_RETURN_180 SPLINE LOWER_HALF           19.610687             0.031218         0.000289 0.023499                 0.563972               0.563972     REJECTED_STATISTICAL
EXP_0001_T17   DIR_RETURN_180    XGB UPPER_HALF           18.557252             0.051674         0.001819 0.001500                 0.035998               0.035998     REJECTED_STATISTICAL
EXP_0001_T18   DIR_RETURN_180    XGB LOWER_HALF           17.832061             0.053776         0.000862 0.001500                 0.035998               0.035998     REJECTED_STATISTICAL
EXP_0001_T19 DIR_PATH_SKEW_60  RIDGE UPPER_HALF           16.549618             0.150905         0.002565 0.000050                 0.001200               0.001200 IS_PROVISIONAL_CANDIDATE
EXP_0001_T20 DIR_PATH_SKEW_60  RIDGE LOWER_HALF           19.839695             0.125880         0.001911 0.000050                 0.001200               0.001200 IS_PROVISIONAL_CANDIDATE
EXP_0001_T21 DIR_PATH_SKEW_60 SPLINE UPPER_HALF           17.511450             0.125475         0.002153 0.000050                 0.001200               0.001200 IS_PROVISIONAL_CANDIDATE
EXP_0001_T22 DIR_PATH_SKEW_60 SPLINE LOWER_HALF           18.877863             0.116392         0.001757 0.000050                 0.001200               0.001200 IS_PROVISIONAL_CANDIDATE
EXP_0001_T23 DIR_PATH_SKEW_60    XGB UPPER_HALF           19.068702             0.119642         0.002059 0.000050                 0.001200               0.001200 IS_PROVISIONAL_CANDIDATE
EXP_0001_T24 DIR_PATH_SKEW_60    XGB LOWER_HALF           17.320611             0.131717         0.002005 0.000050                 0.001200               0.001200     REJECTED_INSTABILITY

EXPERIMENT SELECTION TRIALS: 24 / 24    CAMPAIGN REVEALED SELECTION TRIALS: 24 / 480
IS report: WS/experiments/EXP_0001/results/IS_REPORT.md
status: IS_PROVISIONAL_CANDIDATE  (SELECTION HOLDOUT NOT ACCESSED; stopped for human review)
